Starting compression step BV at 2024-02-19 16:09:35.692111
Running: java org.softwareheritage.graph.compress.ScatteredArcsORCGraph --temp-dir checkout/compressed/tmp --allowed-node-types '*' --function checkout/compressed/example.mph checkout/orc checkout/compressed/example-base
Picked up JAVA_TOOL_OPTIONS: -Xmx30041063424 -XX:PretenureSizeThreshold=512M -XX:MaxNewSize=4G -XX:+UseLargePages -XX:+UseTransparentHugePages -XX:+UseNUMA -XX:+UseTLAB -XX:+ResizeTLAB -Dlogback.configurationFile=checkout/compressed/tmp/logback.xml -Djava.io.tmpdir=checkout/compressed/tmp
2024-02-19 16:09:54,306 18482 INFO [main] o.s.g.c.ScatteredArcsORCGraph - Creating sorted batches...
2024-02-19 16:09:54,513 18689 WARN [ForkJoinPool-1-worker-1] o.a.h.u.NativeCodeLoader - Unable to load native-hadoop library for your platform... using builtin-java classes where applicable
2024-02-19 16:09:54,672 18848 INFO [ForkJoinPool-1-worker-1] o.a.o.i.ReaderImpl - Reading ORC rows from checkout/orc/release/release-all.orc with {include: [false, true, false, false, true, true, false, false, false, false, false], offset: 0, length: 9223372036854775807, includeAcidColumns: true, allowSARGToFilter: false, useSelected: false}
2024-02-19 16:09:54,674 18850 INFO [ForkJoinPool-1-worker-1] o.a.o.i.RecordReaderImpl - Reader schema not provided -- using file schema struct<id:string,name:binary,message:binary,target:string,target_type:string,author:binary,date:timestamp,date_offset:smallint,date_raw_offset_bytes:binary,raw_manifest:binary>
2024-02-19 16:09:54,728 18904 INFO [ForkJoinPool-1-worker-1] o.a.o.i.ReaderImpl - Reading ORC rows from checkout/orc/origin/origin-all.orc with {include: [false, false, true], offset: 0, length: 9223372036854775807, includeAcidColumns: true, allowSARGToFilter: false, useSelected: false}
2024-02-19 16:09:54,728 18904 INFO [ForkJoinPool-1-worker-1] o.a.o.i.RecordReaderImpl - Reader schema not provided -- using file schema struct<id:string,url:string>
2024-02-19 16:09:54,746 18922 INFO [ForkJoinPool-1-worker-1] o.a.o.i.ReaderImpl - Reading ORC rows from checkout/orc/revision_history/revision_history-all.orc with {include: [false, true, true, false], offset: 0, length: 9223372036854775807, includeAcidColumns: true, allowSARGToFilter: false, useSelected: false}
2024-02-19 16:09:54,746 18922 INFO [ForkJoinPool-1-worker-1] o.a.o.i.RecordReaderImpl - Reader schema not provided -- using file schema struct<id:string,parent_id:string,parent_rank:int>
2024-02-19 16:09:54,786 18962 INFO [ForkJoinPool-1-worker-1] o.a.o.i.ReaderImpl - Reading ORC rows from checkout/orc/directory_entry/directory_entry-all.orc with {include: [false, true, true, true, true, true], offset: 0, length: 9223372036854775807, includeAcidColumns: true, allowSARGToFilter: false, useSelected: false}
2024-02-19 16:09:54,786 18962 INFO [ForkJoinPool-1-worker-1] o.a.o.i.RecordReaderImpl - Reader schema not provided -- using file schema struct<directory_id:string,name:binary,type:string,target:string,perms:int>
2024-02-19 16:09:54,817 18993 INFO [ForkJoinPool-1-worker-1] o.a.o.i.ReaderImpl - Reading ORC rows from checkout/orc/origin_visit_status/origin_visit_status-all.orc with {include: [false, true, false, false, false, true, false], offset: 0, length: 9223372036854775807, includeAcidColumns: true, allowSARGToFilter: false, useSelected: false}
2024-02-19 16:09:54,818 18994 INFO [ForkJoinPool-1-worker-1] o.a.o.i.RecordReaderImpl - Reader schema not provided -- using file schema struct<origin:string,visit:bigint,date:timestamp,status:string,snapshot:string,type:string>
2024-02-19 16:09:54,845 19021 INFO [ForkJoinPool-1-worker-1] o.a.o.i.ReaderImpl - Reading ORC rows from checkout/orc/snapshot_branch/snapshot_branch-all.orc with {include: [false, true, true, true, true], offset: 0, length: 9223372036854775807, includeAcidColumns: true, allowSARGToFilter: false, useSelected: false}
2024-02-19 16:09:54,845 19021 INFO [ForkJoinPool-1-worker-1] o.a.o.i.RecordReaderImpl - Reader schema not provided -- using file schema struct<snapshot_id:string,name:binary,target:string,target_type:string>
2024-02-19 16:09:54,868 19044 INFO [ForkJoinPool-1-worker-1] o.a.o.i.ReaderImpl - Reading ORC rows from checkout/orc/directory/directory-all.orc with {include: [false, true, false], offset: 0, length: 9223372036854775807, includeAcidColumns: true, allowSARGToFilter: false, useSelected: false}
2024-02-19 16:09:54,869 19045 INFO [ForkJoinPool-1-worker-1] o.a.o.i.RecordReaderImpl - Reader schema not provided -- using file schema struct<id:string,raw_manifest:binary>
2024-02-19 16:09:54,889 19065 INFO [ForkJoinPool-1-worker-1] o.a.o.i.ReaderImpl - Reading ORC rows from checkout/orc/snapshot/snapshot-all.orc with {include: [false, true], offset: 0, length: 9223372036854775807, includeAcidColumns: true, allowSARGToFilter: false, useSelected: false}
2024-02-19 16:09:54,889 19065 INFO [ForkJoinPool-1-worker-1] o.a.o.i.RecordReaderImpl - Reader schema not provided -- using file schema struct<id:string>
2024-02-19 16:09:54,913 19089 INFO [ForkJoinPool-1-worker-1] o.a.o.i.ReaderImpl - Reading ORC rows from checkout/orc/content/content-all.orc with {include: [false, false, true, false, false, false, false, false], offset: 0, length: 9223372036854775807, includeAcidColumns: true, allowSARGToFilter: false, useSelected: false}
2024-02-19 16:09:54,913 19089 INFO [ForkJoinPool-1-worker-1] o.a.o.i.RecordReaderImpl - Reader schema not provided -- using file schema struct<sha1:string,sha1_git:string,sha256:string,blake2s256:string,length:bigint,status:string,data:binary>
2024-02-19 16:09:54,934 19110 INFO [ForkJoinPool-1-worker-1] o.a.o.i.ReaderImpl - Reading ORC rows from checkout/orc/skipped_content/skipped_content-all.orc with {include: [false, false, true, false, false, false, false, false], offset: 0, length: 9223372036854775807, includeAcidColumns: true, allowSARGToFilter: false, useSelected: false}
2024-02-19 16:09:54,934 19110 INFO [ForkJoinPool-1-worker-1] o.a.o.i.RecordReaderImpl - Reader schema not provided -- using file schema struct<sha1:string,sha1_git:string,sha256:string,blake2s256:string,length:bigint,status:string,reason:string>
2024-02-19 16:09:54,951 19127 INFO [ForkJoinPool-1-worker-1] o.a.o.i.ReaderImpl - Reading ORC rows from checkout/orc/revision/revision-all.orc with {include: [false, true, false, false, false, false, false, false, false, false, false, true, false, false], offset: 0, length: 9223372036854775807, includeAcidColumns: true, allowSARGToFilter: false, useSelected: false}
2024-02-19 16:09:54,951 19127 INFO [ForkJoinPool-1-worker-1] o.a.o.i.RecordReaderImpl - Reader schema not provided -- using file schema struct<id:string,message:binary,author:binary,date:timestamp,date_offset:smallint,date_raw_offset_bytes:binary,committer:binary,committer_date:timestamp,committer_offset:smallint,committer_date_raw_offset_bytes:binary,directory:string,type:string,raw_manifest:binary>
2024-02-19 16:09:54,985 19161 INFO [main] o.s.g.c.ScatteredArcsORCGraph - Completed.
2024-02-19 16:09:54,986 19162 INFO [main] o.s.g.c.ScatteredArcsORCGraph - Elapsed: 679ms
2024-02-19 16:09:54,990 19166 INFO [main] o.s.g.c.ScatteredArcsORCGraph - Created 1 batches.
2024-02-19 16:09:54,995 19171 INFO [main] i.u.d.b.w.BVGraph - Compressing using 1 threads
2024-02-19 16:09:55,013 19189 INFO [ProcessingThread-0] o.s.g.c.ScatteredArcsORCGraph - Storing...
2024-02-19 16:09:55,017 19193 INFO [main] o.s.g.c.ScatteredArcsORCGraph - Completed.
2024-02-19 16:09:55,019 19195 INFO [main] o.s.g.c.ScatteredArcsORCGraph - Elapsed: 4ms [12 nodes, 4,000.00 nodes/s, 250.00 µs/node]
Compression step BV finished at 2024-02-19 16:09:55.458817 (in 0:00:19.766706)
